------------------------------------------------------------
TimeQuest Timing Analyzer Summary
------------------------------------------------------------

Type  : Slow 1200mV 85C Model Setup 'p1|altpll_component|pll|clk[2]'
Slack : -28.249
TNS   : -570.113

Type  : Slow 1200mV 85C Model Setup 'div|altpll_component|auto_generated|pll1|clk[0]'
Slack : 14.377
TNS   : 0.000

Type  : Slow 1200mV 85C Model Setup 'CLOCK_50'
Slack : 15.815
TNS   : 0.000

Type  : Slow 1200mV 85C Model Hold 'div|altpll_component|auto_generated|pll1|clk[0]'
Slack : 0.401
TNS   : 0.000

Type  : Slow 1200mV 85C Model Hold 'CLOCK_50'
Slack : 0.407
TNS   : 0.000

Type  : Slow 1200mV 85C Model Hold 'p1|altpll_component|pll|clk[2]'
Slack : 0.642
TNS   : 0.000

Type  : Slow 1200mV 85C Model Recovery 'p1|altpll_component|pll|clk[2]'
Slack : 10.715
TNS   : 0.000

Type  : Slow 1200mV 85C Model Recovery 'div|altpll_component|auto_generated|pll1|clk[0]'
Slack : 14.790
TNS   : 0.000

Type  : Slow 1200mV 85C Model Removal 'div|altpll_component|auto_generated|pll1|clk[0]'
Slack : 3.119
TNS   : 0.000

Type  : Slow 1200mV 85C Model Removal 'p1|altpll_component|pll|clk[2]'
Slack : 7.452
TNS   : 0.000

Type  : Slow 1200mV 85C Model Minimum Pulse Width 'CLOCK_50'
Slack : 9.757
TNS   : 0.000

Type  : Slow 1200mV 85C Model Minimum Pulse Width 'p1|altpll_component|pll|clk[2]'
Slack : 19.713
TNS   : 0.000

Type  : Slow 1200mV 85C Model Minimum Pulse Width 'div|altpll_component|auto_generated|pll1|clk[0]'
Slack : 24.697
TNS   : 0.000

Type  : Slow 1200mV 0C Model Setup 'p1|altpll_component|pll|clk[2]'
Slack : -23.583
TNS   : -475.449

Type  : Slow 1200mV 0C Model Setup 'div|altpll_component|auto_generated|pll1|clk[0]'
Slack : 15.101
TNS   : 0.000

Type  : Slow 1200mV 0C Model Setup 'CLOCK_50'
Slack : 16.239
TNS   : 0.000

Type  : Slow 1200mV 0C Model Hold 'div|altpll_component|auto_generated|pll1|clk[0]'
Slack : 0.352
TNS   : 0.000

Type  : Slow 1200mV 0C Model Hold 'CLOCK_50'
Slack : 0.365
TNS   : 0.000

Type  : Slow 1200mV 0C Model Hold 'p1|altpll_component|pll|clk[2]'
Slack : 0.584
TNS   : 0.000

Type  : Slow 1200mV 0C Model Recovery 'p1|altpll_component|pll|clk[2]'
Slack : 11.540
TNS   : 0.000

Type  : Slow 1200mV 0C Model Recovery 'div|altpll_component|auto_generated|pll1|clk[0]'
Slack : 15.651
TNS   : 0.000

Type  : Slow 1200mV 0C Model Removal 'div|altpll_component|auto_generated|pll1|clk[0]'
Slack : 2.796
TNS   : 0.000

Type  : Slow 1200mV 0C Model Removal 'p1|altpll_component|pll|clk[2]'
Slack : 6.609
TNS   : 0.000

Type  : Slow 1200mV 0C Model Minimum Pulse Width 'CLOCK_50'
Slack : 9.779
TNS   : 0.000

Type  : Slow 1200mV 0C Model Minimum Pulse Width 'p1|altpll_component|pll|clk[2]'
Slack : 19.711
TNS   : 0.000

Type  : Slow 1200mV 0C Model Minimum Pulse Width 'div|altpll_component|auto_generated|pll1|clk[0]'
Slack : 24.701
TNS   : 0.000

Type  : Fast 1200mV 0C Model Setup 'p1|altpll_component|pll|clk[2]'
Slack : -3.713
TNS   : -73.452

Type  : Fast 1200mV 0C Model Setup 'CLOCK_50'
Slack : 17.900
TNS   : 0.000

Type  : Fast 1200mV 0C Model Setup 'div|altpll_component|auto_generated|pll1|clk[0]'
Slack : 19.437
TNS   : 0.000

Type  : Fast 1200mV 0C Model Hold 'div|altpll_component|auto_generated|pll1|clk[0]'
Slack : 0.180
TNS   : 0.000

Type  : Fast 1200mV 0C Model Hold 'CLOCK_50'
Slack : 0.188
TNS   : 0.000

Type  : Fast 1200mV 0C Model Hold 'p1|altpll_component|pll|clk[2]'
Slack : 0.282
TNS   : 0.000

Type  : Fast 1200mV 0C Model Recovery 'p1|altpll_component|pll|clk[2]'
Slack : 14.931
TNS   : 0.000

Type  : Fast 1200mV 0C Model Recovery 'div|altpll_component|auto_generated|pll1|clk[0]'
Slack : 19.635
TNS   : 0.000

Type  : Fast 1200mV 0C Model Removal 'div|altpll_component|auto_generated|pll1|clk[0]'
Slack : 1.495
TNS   : 0.000

Type  : Fast 1200mV 0C Model Removal 'p1|altpll_component|pll|clk[2]'
Slack : 3.711
TNS   : 0.000

Type  : Fast 1200mV 0C Model Minimum Pulse Width 'CLOCK_50'
Slack : 9.437
TNS   : 0.000

Type  : Fast 1200mV 0C Model Minimum Pulse Width 'p1|altpll_component|pll|clk[2]'
Slack : 19.752
TNS   : 0.000

Type  : Fast 1200mV 0C Model Minimum Pulse Width 'div|altpll_component|auto_generated|pll1|clk[0]'
Slack : 24.755
TNS   : 0.000

------------------------------------------------------------
